The cat chased it tail.
Then the cat sat on a mat.
The dog chased it tail.
Then the dog sat on a kennel.
The frog chased it tail.
Then the frog sat on a lily.
