10/06/2011 
EX_RATE	LOW	HIGH Variation VarPercent
GBP/EUR 1.1500 1.1710 0.0210 1.8261
GBP/USD 1.5330 1.5520 0.0190 1.2394
GBP/AUD 1.5720 1.6180 0.0460 2.9262
EUR/USD	1.3210 1.3440 0.0230 1.7411
 
