I'm sorry, Dave. I'm afraid I can't do that.
I'm sorry, Dave. I'm afraid I can't do that.
I'm sorry, Dave. I'm afraid I can't do that.
Please answer yes or no.
That is good. I wouldn't open them anyway.
Please answer yes or no.
That is good. I wouldn't open them anyway.
