Input a number:Input a second number:Result is 9.
Input a number:Input a second number:Result is 76.
